// Jest Snapshot v1, https://goo.gl/fbAQLP

exports[`Gift rendered correctly 1`] = `
<div>
  <Form
    inline={false}
  >
    <FormGroup>
      <FormLabel
        column={false}
        srOnly={false}
      >
        Person
      </FormLabel>
      <FormControl
        className="input-person"
        onChange={[Function]}
      />
    </FormGroup>
    <FormGroup>
      <FormLabel
        column={false}
        srOnly={false}
      >
        Present
      </FormLabel>
      <FormControl
        className="input-present"
        onChange={[Function]}
      />
    </FormGroup>
    <Button
      active={false}
      className="btn-remove"
      disabled={false}
      onClick={[Function]}
      type="button"
      variant="primary"
    >
      Remove gift
    </Button>
  </Form>
</div>
`;
